\BOOKMARK [1][-]{section.1}{\376\377\000I\000n\000t\000r\000o\000d\000u\000c\000t\000i\000o\000n}{}% 1
\BOOKMARK [1][-]{section.2}{\376\377\000P\000i\000p\000e\000l\000i\000n\000e\000\040\000A\000r\000c\000h\000i\000t\000e\000c\000t\000u\000r\000e\000\040\000\046\000\040\000D\000o\000m\000a\000i\000n\000\040\000T\000a\000x\000o\000n\000o\000m\000y}{}% 2
\BOOKMARK [2][-]{subsection.2.1}{\376\377\000T\000h\000e\000\040\000S\000c\000i\000e\000n\000t\000i\000f\000i\000c\000\040\000P\000r\000o\000f\000i\000l\000e}{section.2}% 3
\BOOKMARK [2][-]{subsection.2.2}{\376\377\000T\000h\000e\000\040\000B\000u\000s\000i\000n\000e\000s\000s\000\040\000P\000r\000o\000f\000i\000l\000e}{section.2}% 4
\BOOKMARK [1][-]{section.3}{\376\377\000M\000a\000t\000h\000e\000m\000a\000t\000i\000c\000a\000l\000\040\000D\000a\000t\000a\000\040\000G\000e\000n\000e\000r\000a\000t\000i\000o\000n\000\040\000E\000n\000g\000i\000n\000e\000s}{}% 5
\BOOKMARK [2][-]{subsection.3.1}{\376\377\000D\000o\000s\000e\040\023\000R\000e\000s\000p\000o\000n\000s\000e\000\040\000C\000u\000r\000v\000e\000s\000\040\000\050\000T\000h\000e\000\040\000H\000i\000l\000l\000\040\000E\000q\000u\000a\000t\000i\000o\000n\000\051}{section.3}% 6
\BOOKMARK [2][-]{subsection.3.2}{\376\377\000B\000i\000o\000l\000o\000g\000i\000c\000a\000l\000\040\000\046\000\040\000T\000e\000c\000h\000n\000i\000c\000a\000l\000\040\000R\000e\000p\000l\000i\000c\000a\000t\000e\000s}{section.3}% 7
\BOOKMARK [2][-]{subsection.3.3}{\376\377\000E\000x\000p\000o\000n\000e\000n\000t\000i\000a\000l\000\040\000D\000e\000c\000a\000y\000\040\000a\000n\000d\000\040\000P\000h\000a\000r\000m\000a\000c\000o\000k\000i\000n\000e\000t\000i\000c\000\040\000C\000l\000e\000a\000r\000a\000n\000c\000e}{section.3}% 8
\BOOKMARK [2][-]{subsection.3.4}{\376\377\000E\000n\000z\000y\000m\000e\000\040\000K\000i\000n\000e\000t\000i\000c\000s\000\040\000\050\000M\000i\000c\000h\000a\000e\000l\000i\000s\040\023\000M\000e\000n\000t\000e\000n\000\051}{section.3}% 9
\BOOKMARK [2][-]{subsection.3.5}{\376\377\000S\000p\000e\000c\000t\000r\000o\000s\000c\000o\000p\000y\000\040\000\046\000\040\000C\000h\000r\000o\000m\000a\000t\000o\000g\000r\000a\000p\000h\000y\000\040\000P\000e\000a\000k\000s}{section.3}% 10
\BOOKMARK [2][-]{subsection.3.6}{\376\377\000C\000o\000m\000p\000o\000s\000i\000t\000i\000o\000n\000a\000l\000\040\000D\000a\000t\000a\000\040\000M\000o\000d\000e\000l\000s\000\040\000\050\000T\000h\000e\000\040\000A\000i\000t\000c\000h\000i\000s\000o\000n\000\040\000S\000i\000m\000p\000l\000e\000x\000\051}{section.3}% 11
\BOOKMARK [2][-]{subsection.3.7}{\376\377\000Z\000e\000r\000o\000-\000I\000n\000f\000l\000a\000t\000e\000d\000\040\000P\000r\000o\000f\000i\000l\000e\000s\000\040\000f\000o\000r\000\040\000H\000i\000s\000t\000o\000g\000r\000a\000m\000s}{section.3}% 12
\BOOKMARK [2][-]{subsection.3.8}{\376\377\000S\000c\000a\000t\000t\000e\000r\000\040\000T\000r\000e\000n\000d\000\040\000a\000n\000d\000\040\000C\000l\000u\000s\000t\000e\000r\000e\000d\000\040\000M\000o\000d\000e\000l\000s}{section.3}% 13
\BOOKMARK [2][-]{subsection.3.9}{\376\377\000M\000u\000l\000t\000i\000-\000C\000o\000m\000p\000o\000n\000e\000n\000t\000\040\000S\000e\000a\000s\000o\000n\000a\000l\000i\000t\000y\000\040\000\046\000\040\000T\000r\000e\000n\000d}{section.3}% 14
\BOOKMARK [2][-]{subsection.3.10}{\376\377\000S\000a\000t\000u\000r\000a\000t\000e\000d\000\040\000E\000x\000p\000o\000n\000e\000n\000t\000i\000a\000l\000\040\000G\000r\000o\000w\000t\000h}{section.3}% 15
\BOOKMARK [2][-]{subsection.3.11}{\376\377\000P\000a\000r\000e\000t\000o\000\040\000D\000i\000s\000t\000r\000i\000b\000u\000t\000i\000o\000n\000s}{section.3}% 16
\BOOKMARK [1][-]{section.4}{\376\377\000V\000i\000s\000u\000a\000l\000\040\000L\000a\000y\000o\000u\000t\000\040\000G\000e\000n\000e\000r\000a\000t\000i\000o\000n\000\040\000\046\000\040\000G\000e\000o\000m\000e\000t\000r\000y\000\040\000S\000y\000n\000t\000h\000e\000s\000i\000s}{}% 17
\BOOKMARK [2][-]{subsection.4.1}{\376\377\000D\000i\000m\000e\000n\000s\000i\000o\000n\000a\000l\000\040\000C\000o\000n\000f\000i\000g\000u\000r\000a\000t\000i\000o\000n\000s\000\040\000\046\000\040\000L\000a\000y\000o\000u\000t\000\040\000S\000t\000r\000a\000t\000e\000g\000i\000e\000s}{section.4}% 18
\BOOKMARK [2][-]{subsection.4.2}{\376\377\000B\000o\000u\000n\000d\000i\000n\000g\000\040\000B\000o\000x\000\040\000R\000e\000s\000o\000l\000u\000t\000i\000o\000n\000\040\000a\000n\000d\000\040\000E\000l\000e\000m\000e\000n\000t\000\040\000P\000a\000r\000s\000i\000n\000g}{section.4}% 19
\BOOKMARK [2][-]{subsection.4.3}{\376\377\000C\000o\000o\000r\000d\000i\000n\000a\000t\000e\000\040\000P\000o\000s\000e\000\040\000M\000a\000p\000p\000i\000n\000g\000\040\000\046\000\040\000R\000e\000s\000a\000m\000p\000l\000i\000n\000g\000\040\000L\000o\000o\000p\000s}{section.4}% 20
\BOOKMARK [3][-]{subsubsection.4.3.1}{\376\377\000T\000h\000e\000\040\0005\000-\000K\000e\000y\000p\000o\000i\000n\000t\000\040\000S\000c\000h\000e\000m\000a\000\040\000\050\000P\000i\000e\000\040\000C\000h\000a\000r\000t\000s\000\051}{subsection.4.3}% 21
\BOOKMARK [1][-]{section.5}{\376\377\000A\000e\000s\000t\000h\000e\000t\000i\000c\000\040\000T\000h\000e\000m\000e\000s\000\040\000\046\000\040\000P\000o\000s\000t\000-\000R\000e\000n\000d\000e\000r\000i\000n\000g\000\040\000D\000e\000g\000r\000a\000d\000a\000t\000i\000o\000n\000\040\000M\000e\000c\000h\000a\000n\000i\000c\000s}{}% 22
\BOOKMARK [2][-]{subsection.5.1}{\376\377\000T\000h\000e\000m\000a\000t\000i\000c\000\040\000\046\000\040\000P\000u\000b\000l\000i\000c\000a\000t\000i\000o\000n\000\040\000P\000r\000e\000s\000e\000t\000s}{section.5}% 23
\BOOKMARK [2][-]{subsection.5.2}{\376\377\000P\000o\000s\000t\000-\000R\000e\000n\000d\000e\000r\000i\000n\000g\000\040\000I\000m\000a\000g\000e\000\040\000D\000e\000g\000r\000a\000d\000a\000t\000i\000o\000n\000\040\000F\000i\000l\000t\000e\000r\000s}{section.5}% 24
\BOOKMARK [3][-]{subsubsection.5.2.1}{\376\377\000G\000e\000n\000e\000r\000a\000l\000\040\000R\000e\000a\000l\000i\000s\000m\000\040\000F\000i\000l\000t\000e\000r\000s}{subsection.5.2}% 25
\BOOKMARK [3][-]{subsubsection.5.2.2}{\376\377\000R\000e\000s\000o\000l\000u\000t\000i\000o\000n\000\040\000a\000n\000d\000\040\000C\000o\000m\000p\000r\000e\000s\000s\000i\000o\000n\000\040\000S\000i\000m\000u\000l\000a\000t\000i\000o\000n}{subsection.5.2}% 26
\BOOKMARK [3][-]{subsubsection.5.2.3}{\376\377\000D\000o\000c\000u\000m\000e\000n\000t\000\040\000S\000c\000a\000n\000n\000i\000n\000g\000\040\000\046\000\040\000P\000h\000y\000s\000i\000c\000a\000l\000\040\000O\000v\000e\000r\000l\000a\000y\000s}{subsection.5.2}% 27
\BOOKMARK [3][-]{subsubsection.5.2.4}{\376\377\000S\000e\000l\000e\000c\000t\000i\000v\000e\000\040\000O\000C\000R\000-\000T\000a\000r\000g\000e\000t\000e\000d\000\040\000T\000e\000x\000t\000\040\000D\000e\000g\000r\000a\000d\000a\000t\000i\000o\000n}{subsection.5.2}% 28
\BOOKMARK [3][-]{subsubsection.5.2.5}{\376\377\000T\000h\000e\000\040\000A\000e\000s\000t\000h\000e\000t\000i\000c\040\023\000Q\000u\000a\000n\000t\000i\000t\000a\000t\000i\000v\000e\000\040\000T\000e\000n\000s\000i\000o\000n}{subsection.5.2}% 29
\BOOKMARK [2][-]{subsection.5.3}{\376\377\000H\000o\000m\000o\000g\000r\000a\000p\000h\000y\000\040\000\046\000\040\000P\000e\000r\000s\000p\000e\000c\000t\000i\000v\000e\000\040\000W\000a\000r\000p\000i\000n\000g\000\040\000M\000e\000c\000h\000a\000n\000i\000c\000s}{section.5}% 30
\BOOKMARK [1][-]{section.6}{\376\377\000E\000m\000p\000i\000r\000i\000c\000a\000l\000\040\000E\000v\000a\000l\000u\000a\000t\000i\000o\000n\000\040\000\046\000\040\000B\000e\000n\000c\000h\000m\000a\000r\000k\000\040\000V\000a\000l\000i\000d\000a\000t\000i\000o\000n}{}% 31
\BOOKMARK [2][-]{subsection.6.1}{\376\377\000E\000x\000p\000e\000r\000i\000m\000e\000n\000t\000a\000l\000\040\000S\000e\000t\000u\000p}{section.6}% 32
\BOOKMARK [2][-]{subsection.6.2}{\376\377\000R\000e\000s\000u\000l\000t\000s\000\040\000a\000n\000d\000\040\000P\000e\000r\000f\000o\000r\000m\000a\000n\000c\000e\000\040\000A\000n\000a\000l\000y\000s\000i\000s}{section.6}% 33
\BOOKMARK [1][-]{section.7}{\376\377\000D\000i\000s\000c\000u\000s\000s\000i\000o\000n}{}% 34
\BOOKMARK [2][-]{subsection.7.1}{\376\377\000C\000o\000o\000r\000d\000i\000n\000a\000t\000e\000-\000S\000p\000a\000c\000e\000\040\000P\000r\000o\000j\000e\000c\000t\000i\000o\000n\000\040\000B\000o\000u\000n\000d\000a\000r\000i\000e\000s\000\040\000\050\000L\000i\000e\000\040\000F\000a\000c\000t\000o\000r\000\040\000P\000r\000e\000r\000e\000q\000u\000i\000s\000i\000t\000e\000s\000\051}{section.7}% 35
\BOOKMARK [2][-]{subsection.7.2}{\376\377\000D\000e\000g\000r\000a\000d\000a\000t\000i\000o\000n\000\040\000S\000e\000n\000s\000i\000t\000i\000v\000i\000t\000y\000\040\000i\000n\000\040\000F\000i\000n\000e\000-\000G\000r\000a\000i\000n\000e\000d\000\040\000F\000e\000a\000t\000u\000r\000e\000s}{section.7}% 36
\BOOKMARK [1][-]{section.8}{\376\377\000C\000o\000n\000c\000l\000u\000s\000i\000o\000n\000\040\000\046\000\040\000F\000u\000t\000u\000r\000e\000\040\000W\000o\000r\000k}{}% 37
